Enter password: ****
Welcome to the MySQL monitor.  Commands end with ; or \g.
Your MySQL connection id is 72
Server version: 8.0.33 MySQL Community Server - GPL

Copyright (c) 2000, 2023, Oracle and/or its affiliates.

Oracle is a registered trademark of Oracle Corporation and/or its
affiliates. Other names may be trademarks of their respective
owners.

Type 'help;' or '\h' for help. Type '\c' to clear the current input statement.

mysql> use 11to1230;
Database changed
mysql> create table login(username varchar(10) primary key,pwd varchar(10));
Query OK, 0 rows affected (0.09 sec)

mysql> insert into login values('rishav','rishav123'),('viru','viru123');
Query OK, 2 rows affected (0.01 sec)
Records: 2  Duplicates: 0  Warnings: 0

mysql> select * from login;
+----------+-----------+
| username | pwd       |
+----------+-----------+
| rishav   | rishav123 |
| viru     | viru123   |
+----------+-----------+
2 rows in set (0.00 sec)

mysql> select * from login where username='rishav' and pwd='rishav123';
+----------+-----------+
| username | pwd       |
+----------+-----------+
| rishav   | rishav123 |
+----------+-----------+
1 row in set (0.00 sec)

mysql> select * from login where username='rishav' or pwd='rishav123';
+----------+-----------+
| username | pwd       |
+----------+-----------+
| rishav   | rishav123 |
+----------+-----------+
1 row in set (0.00 sec)

mysql> select * from login where username='rishav' or pwd='viru123';
+----------+-----------+
| username | pwd       |
+----------+-----------+
| rishav   | rishav123 |
| viru     | viru123   |
+----------+-----------+
2 rows in set (0.00 sec)

mysql> select * from login where username='rishav' and pwd='viru123';
Empty set (0.00 sec)

mysql> select * from login where username='rishav' -- and pwd='viru123';
    -> ;
+----------+-----------+
| username | pwd       |
+----------+-----------+
| rishav   | rishav123 |
+----------+-----------+
1 row in set (0.00 sec)

mysql> select * from login where username='rishav' -- and pwd='viru123';
    -> ;
+----------+-----------+
| username | pwd       |
+----------+-----------+
| rishav   | rishav123 |
+----------+-----------+
1 row in set (0.00 sec)

mysql> select * from login where username='rishav'; -- and pwd='viru123';
+----------+-----------+
| username | pwd       |
+----------+-----------+
| rishav   | rishav123 |
+----------+-----------+
1 row in set (0.00 sec)

mysql> show procedure status where db='11to1230';
+----------+------+-----------+----------------+---------------------+---------------------+---------------+---------+----------------------+----------------------+--------------------+
| Db       | Name | Type      | Definer        | Modified            | Created             | Security_type | Comment | character_set_client | collation_connection | Database Collation |
+----------+------+-----------+----------------+---------------------+---------------------+---------------+---------+----------------------+----------------------+--------------------+
| 11to1230 | p1   | PROCEDURE | root@localhost | 2024-01-19 12:29:50 | 2024-01-19 12:29:50 | DEFINER       |         | cp850                | cp850_general_ci     | utf8mb4_0900_ai_ci |
| 11to1230 | p2   | PROCEDURE | root@localhost | 2024-01-19 12:37:52 | 2024-01-19 12:37:52 | DEFINER       |         | cp850                | cp850_general_ci     | utf8mb4_0900_ai_ci |
| 11to1230 | p3   | PROCEDURE | root@localhost | 2024-01-19 12:51:58 | 2024-01-19 12:51:58 | DEFINER       |         | cp850                | cp850_general_ci     | utf8mb4_0900_ai_ci |
| 11to1230 | p4   | PROCEDURE | root@localhost | 2024-01-19 13:01:28 | 2024-01-19 13:01:28 | DEFINER       |         | cp850                | cp850_general_ci     | utf8mb4_0900_ai_ci |
| 11to1230 | p5   | PROCEDURE | root@localhost | 2024-01-19 13:10:36 | 2024-01-19 13:10:36 | DEFINER       |         | cp850                | cp850_general_ci     | utf8mb4_0900_ai_ci |
| 11to1230 | p6   | PROCEDURE | root@localhost | 2024-01-19 13:25:50 | 2024-01-19 13:25:50 | DEFINER       |         | cp850                | cp850_general_ci     | utf8mb4_0900_ai_ci |
| 11to1230 | p7   | PROCEDURE | root@localhost | 2024-01-19 18:05:16 | 2024-01-19 18:05:16 | DEFINER       |         | cp850                | cp850_general_ci     | utf8mb4_0900_ai_ci |
| 11to1230 | p8   | PROCEDURE | root@localhost | 2024-01-19 18:13:27 | 2024-01-19 18:13:27 | DEFINER       |         | cp850                | cp850_general_ci     | utf8mb4_0900_ai_ci |
| 11to1230 | p9   | PROCEDURE | root@localhost | 2024-01-19 18:21:49 | 2024-01-19 18:21:49 | DEFINER       |         | cp850                | cp850_general_ci     | utf8mb4_0900_ai_ci |
+----------+------+-----------+----------------+---------------------+---------------------+---------------+---------+----------------------+----------------------+--------------------+
9 rows in set (0.02 sec)

mysql> show create procedure p1;
+-----------+-----------------------------------------------------------------------------------------------------------------------+-----------------------------------------------------------------------------------------------------+----------------------+----------------------+--------------------+
| Procedure | sql_mode                                                                                                              | Create Procedure                                                                                    | character_set_client | collation_connection | Database Collation |
+-----------+-----------------------------------------------------------------------------------------------------------------------+-----------------------------------------------------------------------------------------------------+----------------------+----------------------+--------------------+
| p1        | ONLY_FULL_GROUP_BY,STRICT_TRANS_TABLES,NO_ZERO_IN_DATE,NO_ZERO_DATE,ERROR_FOR_DIVISION_BY_ZERO,NO_ENGINE_SUBSTITUTION | CREATE DEFINER=`root`@`localhost` PROCEDURE `p1`()
begin
select * from emp where empsal>=30000;
end | cp850                | cp850_general_ci     | utf8mb4_0900_ai_ci |
+-----------+-----------------------------------------------------------------------------------------------------------------------+-----------------------------------------------------------------------------------------------------+----------------------+----------------------+--------------------+
1 row in set (0.00 sec)

mysql> show create f1;
ERROR 1064 (42000): You have an error in your SQL syntax; check the manual that corresponds to your MySQL server version for the right syntax to use near 'f1' at line 1
mysql> show create f1();
ERROR 1064 (42000): You have an error in your SQL syntax; check the manual that corresponds to your MySQL server version for the right syntax to use near 'f1()' at line 1
mysql> call p1();
+-----+---------+--------+------------+
| eid | empname | empsal | empdept    |
+-----+---------+--------+------------+
| 151 | dhoni   |  82500 | coding     |
| 152 | pant    |  38500 | coding     |
| 300 | ajay    |  50000 | coding     |
| 301 | virat   |  44000 | accounts   |
| 302 | karan   |  50000 | accounts   |
| 502 | karan   |  30000 | hr         |
| 503 | vijay   |  30000 | hr         |
| 151 | dhoni   |  82500 | coding
152 |
| 151 | dhoni   |  82500 | coding     |
| 152 | pant    |  38500 | coding     |
| 300 | ajay    |  50000 | coding     |
| 301 | virat   |  44000 | accounts   |
| 302 | karan   |  50000 | accounts   |
| 502 | karan   |  30000 | hr         |
| 503 | vijay   |  30000 | hr         |
| 302 | karan   |  50000 | accounts   |
| 502 | karan   |  30000 | hr         |
| 503 | vijay   |  30000 | hr         |
| 151 | dhoni   |  82500 | coding     |
| 152 | pant    |  38500 | coding     |
| 300 | ajay    |  50000 | coding     |
| 301 | virat   |  44000 | accounts   |
| 302 | karan   |  50000 | accounts   |
| 502 | karan   |  30000 | hr         |
| 503 | vijay   |  30000 | hr         |
| 151 | dhoni   |  82500 | coding     |
| 152 | pant    |  38500 | coding     |
| 300 | ajay    |  50000 | coding     |
| 301 | virat   |  44000 | accounts   |
| 302 | karan   |  50000 | accounts   |
| 502 | karan   |  30000 | hr         |
| 503 | vijay   |  30000 | hr         |
+-----+---------+--------+------------+
32 rows in set (0.00 sec)

Query OK, 0 rows affected (0.04 sec)

mysql> call p9;
ERROR 1318 (42000): Incorrect number of arguments for PROCEDURE 11to1230.p9; expected 1, got 0
mysql> call p9();
ERROR 1318 (42000): Incorrect number of arguments for PROCEDURE 11to1230.p9; expected 1, got 0
mysql> call p3();
+---------------------+
| now()               |
+---------------------+
| 2024-01-22 16:16:00 |
+---------------------+
1 row in set (0.00 sec)

Query OK, 0 rows affected (0.00 sec)

mysql> call p8();
ERROR 1318 (42000): Incorrect number of arguments for PROCEDURE 11to1230.p8; expected 1, got 0
mysql>

mysql> call p8();
ERROR 1318 (42000): Incorrect number of arguments for PROCEDURE 11to1230.p8; expected 1, got 0
mysql> call p5(45,45,@a,@b);
Query OK, 0 rows affected (0.00 sec)

mysql> select @a;
+------+
| @a   |
+------+
| 2025 |
+------+
1 row in set (0.00 sec)

mysql> select @b;
+------+
| @b   |
+------+
|   90 |
+------+
1 row in set (0.00 sec)

mysql> create table myimage(img_name varchar(20),img blob);
Query OK, 0 rows affected (0.02 sec)

mysql> select * from myimage;
+-----------+----------------------------------------------------------------------------------------------------------------------------------------------------------------------------------------------------------------------------------------------------------------------------------------------------------------------------------------------------------------------------------------------------------------------------------------------------------------------------------------------------------------------------------------------------------------------------------------------------------------------------------------------------------------------------------------------------------------------------------------------------------------------------------------------------------------------------------------------------------------------------------------------------------------------------------------------------------------------------------------------------------------------------------------------------------------------------------------------------------------------------------------------------------------------------------------------------------------------------------------------------------------------------------------------------------------------------------------------------------------------------------------------------------------------------------------------------------------------------------------------------------------------------------------------------------------------------------------------------------------------------------------------------------------------------------------------------------------------------------------------------------------------------------------------------------------------------------------------------------------------------------------------------------------------------------------------------------------------------------------------------------------------------------------------------------------------------------------------------------------------------------------------------------------------------------------------------------------------------------------------------------------------------------------------------------------------------------------------------------------------------------------------------------------------------------------------------------------------------------------------------------------------------------------------------------------------------------------------------------------------------------------------------------------------------------------------------------------------------------------------------------------------------------------------------------------------------------------------------------------------------------------------------------------------------------------------------------------------------------------------------------------------------------------------------------------------------------------------------------------------------------------------------------------------------------------------------------------------------------------------------------------------------------------------------------------------------------------------------------------------------------------------------------------------------------------------------------------------------------------------------------------------------------------------------------------------------------------------------------------------------------------------------------------------------------------------------------------------------------------------------------------------------------------------------------------------------------------------------------------------------------------------------------------------------------------------------------------------------------------------------------------------------------------------------------------------------------------------------------------------------------------------------------------------------------------------------------------------------------------------------------------------------------------------------------------------------------------------------------------------------------------------------------------------------------------------------------------------------------------------------------------------------------------------------------------------------------------------------------------------------------------------------------------------------------------------------------------------------------------------------------------------------------------------------------------------------------------------------------------------------------------------------------------------------------------------------------------------------------------------------------------------------------------------------------------------------------------------------------------------------------------------------------------------------------------------------------------------------------------------------------------------------------------------------------------------------------------------------------------------------------------------------------------------------------------------------------------------------------------------------------------------------------------------------------------------------------------------------------------------------------------------------------------------------------------------------------------------------------------------------------------------------------------------------------------------------------------------------------------------------------------------------------------------------------------------------------------------------------------------------------------------------------------------------------------------------------------------------------------------------------------------------------------------------------------------------------------------------------------------------------------------------------------------------------------------------------------------------------------------------------------------------------------------------------------------------------------------------------------------------------------------------------------------------------------------------------------------------------------------------------------------------------------------------------------------------------------------------------------------------------------------------------------------------------------------------------------------------------------------------------------------------------------------------------------------------------------------------------------------------------------------------------------------------------------------------------------------------------------------------------------------------------------------------------------------------------------------------------------------------------------------------------------------------------------------------------------------------------------------------------------------------------------------------------------------------------------------------------------------------------------------------------------------------------------------------------------------------------------------------------------------------------------------------------------------------------------------------------------------------------------------------------------------------------------------------------------------------------------------------------------------------------------------------------------------------------------------------------------------------------------------------------------------------------------------------------------------------------------------------------------------------------------------------------------------------------------------------------------------------------------------------------------------------------------------------------------------------------------------------------------------------------------------------------------------------------------------------------------------------------------------------------------------------------------------------------------------------------------------------------------------------------------------------------------------------------------------------------------------------------------------------------------------------------------------------------------------------------------------------------------------------------------------------------------------------------------------------------------------------------------------------------------------------------------------------------------------------------------------------------------------------------------------------------------------------------------------------------------------------------------------------------------------------------------------------------------------------------------------------------------------------------------------------------------------------------------------------------------------------------------------------------------------------------------------------------------------------------------------------------------------------------------------------------------------------------------------------------------------------------------------------------------------------------------------------------------------------------------------------------------------------------------------------------------------------------------------------------------------------------------------------------------------------------------------------------------------------------------------------------------------------------------------------------------------------------------------------------------------------------------------------------------------------------------------------------------------------------------------------------------------------------------------------------------------------------------------------------------------------------------------------------------------------------------------------------------------------------------------------------------------------------------------------------------------------------------------------------------------------------------------------------------------------------------------------------------------------------------------------------------------------------------------------------------------------------------------------------------------------------------------------------------------------------------------------------------------------------------------------------------------------------------------------------------------------------------------------------------------------------------------------------------------------------------------------------------------------------------------------------------------------------------------------------------------------------------------------------------------------------------------------------------------------------------------------------------------------------------------------------------------------------------------------------------------------------------------------------------------------------------------------------------------------------------------------------------------------------------------------------------------------------------------------------------------------------------------------------------------------------------------------------------------------------------------------------------------------------------------------------------------------------------------------------------------------------------------------------------------------------------------------------------------------------------------------------------------------------------------------------------------------------------------------------------------------------------------------------------------------------------------------------------------------------------------------------------------------------------------------------------------------------------------------------------------------------------------------------------------------------------------------------------------------------------------------------------------------------------------------------------------------------------------------------------------------------------------------------------------------------------------------------------------------------------------------------------------------------------------------------------------------------------------------------------------------------------------------------------------------------------------------------------------------------------------------------------------------------------------------------------------------------------------------------------------------------------------------------------------------------------------------------------------------------------------------------------------------------------------------------------------------------------------------------------------------------------------------------------------------------------------------------------------------------------------------------------------------------------------------------------------------------------------------------------------------------------------------------------------------------------------------------------------------------------------------------------------------------------------------------------------------------------------------------------------------------------------------------------------------------------------------------------------------------------------------------------------------------------------------------------------------------------------------------------------------------------------------------------------------------------------------------------------------------------------------------------------------------------------------------------------------------------------------------------------------------------------------------------------------------------------------------------------------------------------------------------------------------------------------------------------------------------------------------------------------------------------------------------------------------------------------------------------------------------------------------------------------------------------------------------------------------------------------------------------------------------------------------------------------------------------------------------------------------------------------------------------------------------------------------------------------------------------------------------------------------------------------------------------------------------------------------------------------------------------------------------------------------------------------------------------------------------------------------------------------------------------------------------------------------------------------------------------------------------------------------------------------------------------------------------------------------------------------------------------------------------------------------------------------------------------------------------------------------------------------------------------------------------------------------------------------------------------------------------------------------------------------------------------------------------------------------------------------------------------------------------------------------------------------------------------------------------------------------------------------------------------------------------------------------------------------------------------------------------------------------------------------------------------------------------------------------------------------------------------------------------------------------------+
| img_name  | img





                                                                                                       |
+-----------+----------------------------------------------------------------------------------------------------------------------------------------------------------------------------------------------------------------------------------------------------------------------------------------------------------------------------------------------------------------------------------------------------------------------------------------------------------------------------------------------------------------------------------------------------------------------------------------------------------------------------------------------------------------------------------------------------------------------------------------------------------------------------------------------------------------------------------------------------------------------------------------------------------------------------------------------------------------------------------------------------------------------------------------------------------------------------------------------------------------------------------------------------------------------------------------------------------------------------------------------------------------------------------------------------------------------------------------------------------------------------------------------------------------------------------------------------------------------------------------------------------------------------------------------------------------------------------------------------------------------------------------------------------------------------------------------------------------------------------------------------------------------------------------------------------------------------------------------------------------------------------------------------------------------------------------------------------------------------------------------------------------------------------------------------------------------------------------------------------------------------------------------------------------------------------------------------------------------------------------------------------------------------------------------------------------------------------------------------------------------------------------------------------------------------------------------------------------------------------------------------------------------------------------------------------------------------------------------------------------------------------------------------------------------------------------------------------------------------------------------------------------------------------------------------------------------------------------------------------------------------------------------------------------------------------------------------------------------------------------------------------------------------------------------------------------------------------------------------------------------------------------------------------------------------------------------------------------------------------------------------------------------------------------------------------------------------------------------------------------------------------------------------------------------------------------------------------------------------------------------------------------------------------------------------------------------------------------------------------------------------------------------------------------------------------------------------------------------------------------------------------------------------------------------------------------------------------------------------------------------------------------------------------------------------------------------------------------------------------------------------------------------------------------------------------------------------------------------------------------------------------------------------------------------------------------------------------------------------------------------------------------------------------------------------------------------------------------------------------------------------------------------------------------------------------------------------------------------------------------------------------------------------------------------------------------------------------------------------------------------------------------------------------------------------------------------------------------------------------------------------------------------------------------------------------------------------------------------------------------------------------------------------------------------------------------------------------------------------------------------------------------------------------------------------------------------------------------------------------------------------------------------------------------------------------------------------------------------------------------------------------------------------------------------------------------------------------------------------------------------------------------------------------------------------------------------------------------------------------------------------------------------------------------------------------------------------------------------------------------------------------------------------------------------------------------------------------------------------------------------------------------------------------------------------------------------------------------------------------------------------------------------------------------------------------------------------------------------------------------------------------------------------------------------------------------------------------------------------------------------------------------------------------------------------------------------------------------------------------------------------------------------------------------------------------------------------------------------------------------------------------------------------------------------------------------------------------------------------------------------------------------------------------------------------------------------------------------------------------------------------------------------------------------------------------------------------------------------------------------------------------------------------------------------------------------------------------------------------------------------------------------------------------------------------------------------------------------------------------------------------------------------------------------------------------------------------------------------------------------------------------------------------------------------------------------------------------------------------------------------------------------------------------------------------------------------------------------------------------------------------------------------------------------------------------------------------------------------------------------------------------------------------------------------------------------------------------------------------------------------------------------------------------------------------------------------------------------------------------------------------------------------------------------------------------------------------------------------------------------------------------------------------------------------------------------------------------------------------------------------------------------------------------------------------------------------------------------------------------------------------------------------------------------------------------------------------------------------------------------------------------------------------------------------------------------------------------------------------------------------------------------------------------------------------------------------------------------------------------------------------------------------------------------------------------------------------------------------------------------------------------------------------------------------------------------------------------------------------------------------------------------------------------------------------------------------------------------------------------------------------------------------------------------------------------------------------------------------------------------------------------------------------------------------------------------------------------------------------------------------------------------------------------------------------------------------------------------------------------------------------------------------------------------------------------------------------------------------------------------------------------------------------------------------------------------------------------------------------------------------------------------------------------------------------------------------------------------------------------------------------------------------------------------------------------------------------------------------------------------------------------------------------------------------------------------------------------------------------------------------------------------------------------------------------------------------------------------------------------------------------------------------------------------------------------------------------------------------------------------------------------------------------------------------------------------------------------------------------------------------------------------------------------------------------------------------------------------------------------------------------------------------------------------------------------------------------------------------------------------------------------------------------------------------------------------------------------------------------------------------------------------------------------------------------------------------------------------------------------------------------------------------------------------------------------------------------------------------------------------------------------------------------------------------------------------------------------------------------------------------------------------------------------------------------------------------------------------------------------------------------------------------------------------------------------------------------------------------------------------------------------------------------------------------------------------------------------------------------------------------------------------------------------------------------------------------------------------------------------------------------------------------------------------------------------------------------------------------------------------------------------------------------------------------------------------------------------------------------------------------------------------------------------------------------------------------------------------------------------------------------------------------------------------------------------------------------------------------------------------------------------------------------------------------------------------------------------------------------------------------------------------------------------------------------------------------------------------------------------------------------------------------------------------------------------------------------------------------------------------------------------------------------------------------------------------------------------------------------------------------------------------------------------------------------------------------------------------------------------------------------------------------------------------------------------------------------------------------------------------------------------------------------------------------------------------------------------------------------------------------------------------------------------------------------------------------------------------------------------------------------------------------------------------------------------------------------------------------------------------------------------------------------------------------------------------------------------------------------------------------------------------------------------------------------------------------------------------------------------------------------------------------------------------------------------------------------------------------------------------------------------------------------------------------------------------------------------------------------------------------------------------------------------------------------------------------------------------------------------------------------------------------------------------------------------------------------------------------------------------------------------------------------------------------------------------------------------------------------------------------------------------------------------------------------------------------------------------------------------------------------------------------------------------------------------------------------------------------------------------------------------------------------------------------------------------------------------------------------------------------------------------------------------------------------------------------------------------------------------------------------------------------------------------------------------------------------------------------------------------------------------------------------------------------------------------------------------------------------------------------------------------------------------------------------------------------------------------------------------------------------------------------------------------------------------------------------------------------------------------------------------------------------------------------------------------------------------------------------------------------------------------------------------------------------------------------------------------------------------------------------------------------------------------------------------------------------------------------------------------------------------------------------------------------------------------------------------------------------------------------------------------------------------------------------------------------------------------------------------------------------------------------------------------------------------------------------------------------------------------------------------------------------------------------------------------------------------------------------------------------------------------------------------------------------------------------------------------------------------------------------------------------------------------------------------------------------------------------------------------------------------------------------------------------------------------------------------------------------------------------------------------------------------------------------------------------------------------------------------------------------------------------------------------------------------------------------------------------------------------------------------------------------------------------------------------------------------------------------------------------------------------------------------------------------------------------------------------------------------------+
| HERO.jpeg | 0xFFD8FFE000104A46494600010101006000600000FFDB0043000A07070907060A0908090B0B0A0C0F19100F0E0E0F1E161712192420262523202322282D3930282A362B2223324432363B3D4040402630464B453E4A393F403DFFDB0043010B0B0B0F0D0F1D10101D3D2923293D3D3D3D3D3D3D3D3D3D3D3D3D3D3D3D3D3D3D3D3D3D3D3D3D3D3D3D3D3D3D3D3D3D3D3D3D3D3D3D3D3D3D3D3D3D3D3D3D3DFFC000110800B4014003012200021101031101FFC4001F0000010501010101010100000000000000000102030405060708090A0BFFC400B5100002010303020403050504040000017D01020300041105122131410613516107227114328191A1082342B1C11552D1F02433627282090A161718191A25262728292A3435363738393A434445464748494A535455565758595A636465666768696A737475767778797A838485868788898A92939495969798999AA2A3A4A5A6A7A8A9AAB2B3B4B5B6B7B8B9BAC2C3C4C5C6C7C8C9CAD2D3D4D5D6D7D8D9DAE1E2E3E4E5E6E7E8E9EAF1F2F3F4F5F6F7F8F9FAFFC4001F0100030101010101010101010000000000000102030405060708090A0BFFC400B51100020102040403040705040400010277000102031104052131061241510761711322328108144291A1B1C109233352F0156272D10A162434E125F11718191A262728292A35363738393A434445464748494A535455565758595A636465666768696A737475767778797A82838485868788898A92939495969798999AA2A3A4A5A6A7A8A9AAB2B3B4B5B6B7B8B9BAC2C3C4C5C6C7C8C9CAD2D3D4D5D6D7D8D9DAE2E3E4E5E6E7E8E9EAF2F3F4F5F6F7F8F9FAFFDA000C03010002110311003F00F5324963C9A39F534BDCD28E9412379F7A4E7DE9F8A3140C673EA69467D69D8A5E940586E0FAD21CFA9A92928019CFA9A39F534FC5040A006F3EB473EB4B8A0D021BCFA9A39F534B494C039F534D24838C9A75737E23F124563088E2923673C8DA727DBF3A4DD812B9A9A96B369A528FB54D8908F9621F79AB293C5335CB8FB35849E57791DB0BF813D7F9579F5FDF5E4D2B5ECEACE09CA02738CF5ACD93C45A86084B74762793202DFA74AC6526F63550B6E7ACAF88940FDE340A7FDFC9FD2ADDB6AB1DD03E4E1F9E70DFD0D78A43ACC72CF8D4EC91430C6E41B71EFED5B967649E7F9BA74D23C91F2F0AB7EFA3F5F97A38F61CD4394A3D4B514CF5B5909E3E607D08E69771F535C6695E25914421AE11D1CED5CE70CDDC03D55BFD93F91AEBEDAE92F53280AB8EAA6AA15AFA32674ADAA1F93EA69464F734B8A5DB8ADCC46FCDEB46E6F534EC1A6E2800CB7A9A371F534628C5001B8FA9A424FA9A762931400996F53464FA9A5C518A004C9F5A4CB7A9A5C5148032DEA69327D4D2D25030E7D69327D696931400993EA69CA4EE1CD21A55FBC2802D93C9A0118A613C9A4CD004991466A3DD4B9A007E696A3CD2E6801D45373466801F9A4CD37346680173452668A6216928A4A6051D6EFD34DD16F2EA4C111C6405CFDE63C01FAD799E9567F6C924D42F5CB163F2835AFF001135A2F245A6C6DF28705B03A91FD292CADD52C228F1F2A2FE7584DEA74518F51D3AC12C41366531D00AAC60B78949F2540FA559730A60B48107BD3CB458C16017D4903358DCE8B239DD4ECE3BD53B210A4742062B352C659B4F2D0964BCB161B5D0ED6643D39F507A7D6BA99658645658668D9BD98565D8432B5DDDECC93E4FF5CFF4A1C989A455B2D5E40C916B88B224F855B86180FECFD891EA46457A069D1CB6EA3170555400BE6AB065F663C861EF9CFD6B8581639D6EADA758CA1917E56FE063C06FA7383ED5AF16A977A4D9413245E62C6DE45CC4C4EE4C7DDC8E87A153FEE83DEB39AEC25A68CF43B7B833A9DEA1645E18039FC8FA7BD4D8ACAD2EEEDEFECA3BAB4C2AE3A7A7FF005AB4D1C328278C8AE8A15399599CF5A16D45C51814B91499AE8311302976D14B40098A314B4B400DC52629D9A4A004C0A422969290C4C52519A42680169314D67028DC0D0029A55FBC29B914AA46E14013B7DE3403C5047269314085A28C514C02968A2800A4CD1450019A5A28A0028A2971400951CF208E2259B6AE402C3B73521C0ACDD6242D682243867603A74C9C7F53F9526C0F2EF1331975186E8FDF9364853FB8AF232AFE4157F3AABA9F8A6EEDDB6C223893A26EC671EB8AE93C57A66CBBB158DD8196429B73D10152A3E82B16F7C2FBA49194B4B2C98DFE9C7403D2B195AFA9D14EEE3A142CAFAEB5772BBBCC908DDF2F6C564DFB3A96DED2E41C63762BBFF0CF864E9365733CA80CF3A8503AED51FF00D7ACBB8D0127B875270E79E951A266D66D1C62B4D13812452E080C36B66BB5F044A66BDB8476250C3939FCBFAD362D152CFE691FA7B56CE870DB892E65800121455247BB77A9A8D5B41C22D6E616B90BE9DAE078F8494AC678C8E7DBBFD2B45EE3ED771A9C38DC970ACE14374910EEC0FA8079AD8F1369893DBC53E06518313E8474FD71581636FF00D9B269F7B26E5F32510CA87BF3826B26D14E2EFA1ADE12BB11EFD92B496F273227F1213FC43D47A8EBDF9E6BAFB7729195DDB8063CD795C492C5AEDB86DE228A468836DF2D86327E6C7D0D77DA2DF0B8B1EAC4A1C648E71E9554F4999D58FB9A9D2AB7CA28A82DDF7275A9EBBCE2169334523B6D0680206B9DB285AB01BE506B36560D30F6356CCB88B039348571EF261BAF14E570D59724CFBC820E33566DDCB5032ED252170303BD0CC00CD031926402455669F8F7AB3B95C75ACEB91B64E281123487839A7A3F00D550D9EA6A5070A31401615F73F1D29D23ED23151C0053A6602802F9EA692ABBDD287233CE6A549430E0F34012518A4A19B68CD003A83CD54FB5A99300D5A520818C500831451450310B05EB55E5BB54207AD4B381E5935852C85A6033C0A04D9B6B3EE6153160066B32DA4195AB97073092A6802BDDDE046DA2B266BA37174B93C2F007D411FE34B296327CC7F1AA42558956E1C7CBBB7FE9803F2C54C98D15B5CB94935565318636F6ED87EA43B1438FA00055182ECA47BF1B9CF6F7AB7A3C3F68B3D4F51B9219A7122A31E807393F89E3F015902FE2B2B60ED8F3587EEF2381EF58CCEAA3B1CF5DEBBAA895DDCB4770AC540249008EF8AD3D0754D5351205EA991D01FDF6319F6AC7778E791E48E1BAB87FBA1954951F90FEB52DBEA92E9841F2E68C77DC847EB49A35D773A6BB2F70BB5383D2A6D32296CAC1AE26CABC93918FF640007F2355F4EBF4D48065DBE6E403D81CF7AD9BB41358A463BF20E3A01C5613974344C9B50B91736480AE79C6D03AD62EBF295D292DC83BA329865192AE493FFA0D6A0548ADD483FC1EBC73D6B91D435786E751BA10BCE8DF6B482309DC8E17F9544539329B5146A188DBDEEA4F31043CB14716F23259B009FF00C78D759A7598B1B79235E865661F4273FCF35CE431A6AB7F3BCE2211DBDCF98A4FF188F3DFEB8CFB62BA3B3BB174AD92323B77FA9ADA9DB98E7ACEEAC8D3B62D9CF615645C0DDB49ACF8E62A08CD4665F9CB75AEC380DA560C38A8AE98AC6702A8C77657BD492DDAC91914C7729973BAADDBCA31F31AA218679A51260E4502279A50D2702A48E423B5550F96A7B4B8E829017A20CEF93565D72B8ACD86EB69E6A7375BD801DE980D70F13647DDAAF2B07E4F5AD3DA1939AA735B8C9A06512D4E5738A6C8815B148BD69016A2919707B5124BBC8A9230AF155671F3FE34087DC362438EF53D8962C775533264F3524336D71834C46CB36D526A9B5E87465CF22A37BBCF19EB59F700AC9B94F5EB40DB1FB99642DDAADDADD492C8076ACE338231DEA7B29B64A33DE81266E86E052E7D6A26F9E30C2AA4D79E5360D0516AE5F6A1AC4B82A5B23AE6AF4BA8C6E98CD6639DCC4D0265F8E554801EF8A67F6866322A89738C76A88F06815CB171203196CFE3F8562788E564D3A3823256494A918EBD401FCEB500CF0791E95997F11B9D427665CADBC702AFB92E19BF4A89170DCBE90242B0D993FE8D6B0F99228FE2C6428FD093F8570F34715E4B6F1DC21F2F05FCBF5079AEE3504DA93B6EC7990B444FBF38FE66BCF64BA58F539021CB424E01393B7B567337A4EC5FD56EAF44B1C7671489085002460E001EDD0522A5DC906F9636407B375A826D7CB2A0DDEDBAAACBAF39263321C11D3353A9BF316B4F94DA5DC932FDD184553DDDB8FD067F4AED2F6E228A565C8D919F2CFD462B81B2944FA85B4430A0BAE41EE49FF0156AFB5F659AEA389079F348D2E077653C8FCBF956128B6F41C648E9B50D5E1B3B39117AB460A2F73DF3F9D727A7016329BE9BE6B877DF6F16E1F7867F78DE806781D4E2A85CEA1E73C66572F23C6B9543F2E471CFEB57ED2FFCA8F68996162D8122AE5FE80F5EB56A0E28994F999B3691C96166D1AB996E260D853C850CC339F7C0E9F5AEBB44B78DC2C8C81563252361D5B6F53F4E71F85626953D91454904AEA39DCC719F5EFDFEBCD6CC57E92EC6B182541CEE32A6D03FC4FB54A7A835A16D98873DB9A6D4910F3958EC930A3219B196A6B29079071EB8AEB8C935A1C72834C6834B9A43C5156401E4F14628E868A00553B6958E6905213400A326A54461F30EB5083CD4A262062802C0B89130587151CB7658714C7B80C98EF508E680024B1C9A00A2945004D14A546298D212FF008D309A4CE4D0047E6609CD209707229A7926998A09270CD2B803AD1709228E692093CB7069F717426E00A6054DD83D39A962DCEE08E31DEA26EB4A92943C5311D1DB4C044031CD51BE5121CAD5482EB6FDE34E92E4107148AB957907DE9F9CE2999CB669E28101A630A971C531973400D07DEA19507FA57ACA63FE83FA5580B8A462A9891C72A40007539E31F5FF00EBD4C9151DCA9AF5DA5A68D713BF1B3013DD89C015E5379E69BE6999C89A46279EDDCE6BBFF10492C8639A770B1C46468A2E0A8653807DC938E7F2AE06FE546BF0D8DA9F99C631F99FEB50F7368E8882421892B919EAB50C9C05E4B67BD5E8638637517B208CEC3F28E4E7B67D2967B4104983C8ED52DD8D56A5782E8DAEA16F3E4E6294484F7CFF00FAA9D75215D5E69793894BA7AE0FFF0058D2C9000B92325BA0A516F3DCC88B1A8E80734C4D11B84894471EE11A64A385EC4F4FAFFF005E9B05CA895572D85E84F6A8EF248E33E4C73995149DEC38507FD91FE7355526560D9CA37622AB96E4B6773A7DDB4964C51C7931282028C363A70DC8FCC56EE9F2F990A48B72B247182AE25210A13EA7F2F6AF39D1B567D2E60540955815DA4E460F5FA8F6AEAEC2FD048F751422185FE578A4660BB4F0412783C573CA0D1BC5B96C76F15FAD8DC42C6499A10DB1C9E550B0F9413EF83FA7AD6BBED93E68641CFF0009AE3EE359D1C6877561A7C9713193EE1588BA738EA5B1D318E0D36C75F78A155922777550A18A804FB1E7A7BF5A4AF134FABCE7F64EB5A3F6C543D38AAB69AFDA4D1ED97CE89BFBCE9B87E633FCAAD2B24C9E642EAEBDCA9CD6F4E77DCE4AD879D3DD0119A4E452F6A4CD6A73803413CD00506800CFB53853314A0E28010F5A7645264521EB400EA5A6E7140E680169475A4A33822802B67E63CD348A6B9E6915B9C504122D2B2F14C04E69FBA98119CF4A4C629E79A5DB9A6034538526314A3AD218B8A7519A3AD003C1E28A6E6947348069EB4C3933443DC9E7E98FEB52639A82F9C436D23F385462D8FEEE39FD293D8A5B9C87882ED66F2811B8967907A05CE147F33F8D728A0BEA05D73B9485041EE78AE8B5FB6782F50C8A033A16207419E40FC3A563D8594975737220C890C6258B3EA1C0FCB9AC6E74AD86B2C5632ED6895D924F9998673C720D5FBBB191CC4AAB9240C7B82323F4A4D46CE59EC4DEC5132A7985268C8E63604F07F515674ED48CF1C2DB496B60B1EEFEF01FD40E3F2A966902A3D902FB5482C00E71EBD4D666AB742006183824618FB56C4919821DE8486033C73CE7815CD4A1EF2422352C7396603A7B55C55C9919F1C6F29DA8B927D2B56DB450C434CD9FF6474AB105BA5AC7F382B8F6E5AAC901B6ACCA5DDB916EA7007BB9FF003F8D539763B2861616E696A3ADA08A3522CE28C81F7A67FB8BFE3FCAA78CACB326D592F24FEFBF08BF4EDF90A468D16212DFBA941D10711AFB01DFF1AA573E2354056CE2C81C798DD054EACEE6E1495E4EC6DC6B76FCB3C710F48D7711F8B7F8539D224FF5FA9DCA7AA89C27E80571971AD5DCE4EFB86C1ECBC55233339CB3B557B36CE79E634D691573BF17FA5C6003AB5EA91D596727F98356ADFC44B0B86B4D6E194E7EE5EC0549F6DE9FD4579B6EDC38739F7A033A8EA68F66632CC79B471D0F71D3B5C8EF4A453A7D9E76E17E60F1CA7FD871C13EC707DAB4CD785586AF716126EB799D437DE5EA0FD457A97863C510EB7118A4256E23C021BBE69DDC74672D4A10A8B9E97DC7479C507AD3694559C404E29283499A0053D29334B8A6F4A0070A51D6901E296801D463E614DC8A703C8A00CF7396A7462987EF1A7A914C8242B4734A1B341340C4A5A4A5EB400D6A01C529A6E6801F4A2980E0D3B340077A706A6E326940C50049DEA2B9B73716B3463ABA15C1FF003ED4A5B069CF32C30BCAD9DA8A58E2A58D6E727E3589425B483EF3A91D7918C633593A2C01649A76611C4A820DE4E0027939FF003D8569EB493CDA6FDAEE31E75DFDD8D4FDD51C8C9FD6B4BC3763F67F0F46ACEC4DCCBDCFDE1BBAFE4B58AD59D2DD916B49B77BBB2D42F5EC99E1BDB8726DC8C394200C80719271B857337F6F6B6370BF66B98D83298CAFDD78FF00DE07183FD4FB5769AC6B30683A44BA85E37C83E48D09C195FB28EFEE4F615C0DBC8DE23BA83E633CB2B334929C1CF3C9C9E7038FD2A9C3B0A1325B6D3A4D6B30C18FB321FDE4A3A1C7F0835A3078685B12A31B49DA817DFB63EB5BB1A45A6D845691AA8112FCC546371F5AA37FAFC5A4591BD62A267C8B71FF00B363D0557C2AC0AF391CE6BF6F1AEB6D6962ABB6CA3581A6EA0381F391EAD9247B62B1AE6FA0B0C476F996663D0724B7BFA9ACFBFD6A497291B155F4CF27DC9EE6B352EDE26768FF00D630C173D40F6F4A518DF73D078A8D1872D3D596EFAE0EECDE399673D2253F2A7D4FF4159D24AF31058F03A28E00FA0A6F5EFCFAD3D14B1C28AD52B1E6CE729BBC98D031D4714115656D24688CA5088C70643C28A22B632A9D8F11C73C900FE14C92B63DA9558AD4CF03C47E65C71D8835091C714580747CB03FA56BE917C6C7508A6DA4A03875071953D6B141DB8AB71C8A5465881ED59CD5CE9C34DC59EDBA4EA0350B524B6F963C6E6E9BD48CABFE23AFB8357C1AE03C1FA87D9A2B2999F31F9C6CE5E790AFF3213F47CFFDF55DF6393ED4A0EE18CA4A9CEEB6629E69B8E6968CD59C6380A6B2D2E68CE4500309A290D1D6801C3AD3875151F4EF4F0791480A25B934AA7914D239229548EF544938E941A8849E9522E1BBD0028E9499C52E71C525200A61A75348A600338A3711498A28024434B23E0E2855E2A19321A80250371A7341E7C2F131C2B0C1FA5428C477AB11B93D39F5A996C38EE733AA452CDA9596988E142A7D9D98F5009C923DC8503F1ADF9A5B7D32189A51F2A29582153D140E5BF0039358F34F145E237927C84441348FDF09DBEA49515CBF8A7C4524FA7CEC41FB5EA188A341FF002CA007381EEC71F854411BCCC9D5F55BCF17EA5BF3B6D2D8EC8131C2E4F5F73DCF7E82BB7F0CD943A3D815380EDC6EEF8079C9F5CFF9E2B07C2D60B6764D3BE098DBE407A349D33F9D69DF5D4FA7D8AB4966B3408E551CAFE3CF201E7D6B6B591975B17B55D45608E4B89B0B0A83B413F7F1FD3D4FE1D6BCCB58D5A6D5EF9A66661181B501EC2A6D5B59BCF105E0F301DA48DB1AFE84FF009C55486D4C926D38F2D4FCEC7A71D7F01509756697B6C57DA22B7F35BEFC87080F603AB7F4FCE991C4646C2827F0CD4B2BFDAEE4B2A9118F95140E8A3A55ED2E0125C3839C639DA79FC2A89120D0AE2E5C247B4E7A64E067D2B4F4EF0C4B74CF140EA6E6204CAB2E112203FBC7AB7FC0781EB5AD6B6D23C464B5611C2AA4B066DAB27AED3D57EBDCF1EF55E2702C6555B8402362E08FBE9D884C74F73DFD0D04DCB1F60B0820F25625FB444369BB595FCB563D99B0707FD9C63DE99369082FA25792C353B8619F2E0428800EA5D930A077CF5A62EB37F731082CD19EC635DA45B40138EEBD79F7DBD6AC4573657F7020D3AD638460A87918C5E5367AE32391CF1CD592C6EBB65656CA6D9ACD4DD6C27CDB66CA0F4C2E32107BFE75C9B6992BDE0B6853CD95802047CE78CD77EB2CBA4DC4CBA2DE477D712A9564961DAEC07F1071C6DF63FA9AC1BE89AC3558847279B7723EE9C4719E1CF48D5719E3F5EB498D338F752A4FB5496C54B6D6FC2AF6B9A7DCE9FA83A5E47E5CCFFBC65C838CF38E2B3A01FBDCFA54B35A6ED2474BA4CAE6CAFAD57003C2D20C750CB86047E22BD5B4DBB1A8E976B7638F3A25723DC8E6BC7F4693CBBE40DF75F2AC3D8822BD07E1F5E79BE1F4B727E688B0FC9BFF00AE2B15A48F4F12BDA505DD1D411450D495A9E3851484D359A801C70299BB9A404B77A5C500373923352A919151E3069CA4714014B3C9A6E734BDCD37BD3207038A7231A677A51C7340CB23A5382E6A05938A955B3CD20148A8CE6A43CD336734C0400D382E466976ED14AA70280222E549A4CEE39A1BEF50073400E55E69E8307FA5228F5A785EFD85204715E31B8586ED9DCF3B46EC77520617F43F9D7191CAFA8EA3F6897195C1507A7FB3FD4FD16BABF16E897BA8EB1144AADB263B99D79C4600DCC7B0E7803DAAA787F498AF753BC802E228A4785148FF0080963E8028C7E2694558D64CDAF0E69D0C3A22DD5E1115A0637523B9C01C7CB9FC31C55D9666D5E213DEC462D3D7882D1D4723FBEE3BB1EC3F847BD43E645AE30F2F0BA3591C5B27413B2F0653FEC8E8A3F1AC8F17EB46209650B61B67CDCF2A3D0FB9EB564230F519ED52EA55B089238932C5947DF3FE1E82B2AF26F26CA2B54E1DC6F94FD79029EC44763248D8F99820CF7EE7FA5536576B80D2FDE6E7A5496598A1586DF7311BD8654739AB165134D3372D86C0723AE33DBDEA29D3F71E7E7E618E0FA559D314DE4F0DBC596794FCD83C91E942066A6A730164AF0A84B4276C78E04B8E377B7B7AF535970DA24F13CC1822A0E433724FBFB54FAB2295468A52C8725541FC3247AD67881D594B0EBEBD3F3A6C95B1AF05F6A52C09048185BB36711E236718E0038C2FE9F856A49E23D36E6CEDEC8E9D1451A1299B852635F5381CE7E87F1AC35B66BA728B308BE5DDB276C07EFC9EC3DB9AB89A95CAD9C56E2DACD200857CD31E43E7BF3FA74A684F52FCCF0D8B247A2DFC933150CFE6A8018E7BB0E80761C8A6DFDCDDD94F148D1C9697A88158A021CE793CFF001649EDC1E94B776BA36990A0D2EF25B8BB0031DABE62647A9E081F4AA9797FAADC2C6351337971290A6543B541F463D29B032F5FB2BDB5F264BE8F6994171CE707B86F46EE7EB58719C4A6BADD5AD753FEC259AE5251684AEDF3882E38E38EAAA4773C9AE44B01266A59A41D9A35AC64D93C6C7B1E6BB0F87971B26962E99B8753FF00024247EA95C4DBF506BA5F044DE5EA52E4FF00CBDC0793EA597FAD6323D687BD1E5F267A893485B149BEA363F356A78A2B1C9A63518A00C9A400BC53B346CA637140121E45340E6856C8A5CF22981498E09A4A33C9A51F4A6488013D69D8A5271480D000A00353A902A0634034016738534C0E49A66EE3146680250D93CD2679C534139A5268010F5A72D262940A007E71406269B4AA32C0500569EE03493C4AC55E34518CF182339C57289A635A7876EF6B18E7D62FDA20C0E19201CBFE78C7E35D1DFB245753797CB339DE7D7000AC19B5149752B181B221B5B52C72739666FF00EC68B964F75770E93A79D8AAAB1280B18E84FF000AFD2B8095A4BCBB2CEDBE491B2C5BB9AD2F10EA4F7773E5A9F910E4FB9ACA6730DAB30FF592FC8A0761DCFF004FCE86EE55886EE413CCA9167C98FE55FF0013F5EB4E9470AE304A73F514B0C6AAB83DC538E43E320FBD201779F2102AF5CE7DEAA5ABBC173E564A873B5B1E9DFF004ABA8EA156223E4049047BF6AA932EDBA0CA727AD080E9758905ECBF6B8E2F26044081CAE0BE382DF4EC299A35BE9ACD24DAB5F84850165B7507F787B67FC2A7BDB5325A4201FDCED576466C2B3639FCAB33508EF1E24965B674871F7C0C8FF11F8D532515FF00737173C308A2CE72E7763DFF00FAD5B406A6B0A3DCC4F2DBECC2384FBCBF4EA073E958713C719123AEF0A790A71CFD71D6BA6D27C37AD6A16F1CB33CC96A794883E2561F4EDFCE920643669657B7696DA65BB9BD63948E23B7691D59BB118EB9E6B72FA5D42C1228F5E9D27818604711D8A307EF303F787D7A7A559B7B98FC86D1B4BD301BC66FDE24E422C783D5DB924FB0F98D594F0F47A44CB7FADBFDB63001DE72044476588F2E3DC648F4AA24E5F549264D12EEC6DA361A74D701A3925077020676A679DA7D48ED815C23A7EF3F1AF6478E2D62DAE2C638C4760DCC534D86789FFBA00FBA1BA0C938F6C8AF23BD410DE320C61588A93488E818A0C1FC056EF85E511DC5D31E4896DDF8F6997FC6B150045DC793DAB4BC38C7378D93C08DB1EB8992B19EC7AD87F8944F607E1C8F7A666A6906646FAD308C56899E3C959B137501B9A0538609A0428E69AC29F4879A0088D380E453B028DBC8A00A6CA371A6AA8268A2A891ECA29BB4628A2801319269E14668A28014A8A368A28A009114714E651C514500342F34EDB451400E0A08A00DAC08EBB87F3A28A0672973712F9D74FBBE6F9CFF003AE72666171336E248823E4FD4D1454F52CC39066539F5A8AEB9BA55CF08A00FF3F89A28A650FC7CC291FEEE7BE68A29820650C083D2AB39F9226EE57268A29099D65FAFD9F4FB59236607CA0E549C8CE01CE3EB57EDA7796D55D8F2003C7AD1455B333335738FB3C8A024C496F31461B2318E7F1A34DF11EABA8CB6DA74D7B22C334DB1DE3C2C84640C6E1CD14521C4F489ED6DB46D2AEAD6CEDA116F6D0BC8B132EE0CC17EF367A9F735C2697ADDFCBAA59CB3DC34F2BC487CC97E66504676A93D07D28A28901D6F866CE2BDD663B5932915DDBB9944676938661C1EDD074AF2AF134290EB72AC6B800FFF005BFA514566B73445750025697878E2DF513DC5B823FEFEA514544FE13D7C3FF1627B33A006A32A093451571D91E3D4F8989B052AA0CF7A28A640FDA298CBD68A2801BB7EB4E0391451408FFFD9 |
+-----------+----------------------------------------------------------------------------------------------------------------------------------------------------------------------------------------------------------------------------------------------------------------------------------------------------------------------------------------------------------------------------------------------------------------------------------------------------------------------------------------------------------------------------------------------------------------------------------------------------------------------------------------------------------------------------------------------------------------------------------------------------------------------------------------------------------------------------------------------------------------------------------------------------------------------------------------------------------------------------------------------------------------------------------------------------------------------------------------------------------------------------------------------------------------------------------------------------------------------------------------------------------------------------------------------------------------------------------------------------------------------------------------------------------------------------------------------------------------------------------------------------------------------------------------------------------------------------------------------------------------------------------------------------------------------------------------------------------------------------------------------------------------------------------------------------------------------------------------------------------------------------------------------------------------------------------------------------------------------------------------------------------------------------------------------------------------------------------------------------------------------------------------------------------------------------------------------------------------------------------------------------------------------------------------------------------------------------------------------------------------------------------------------------------------------------------------------------------------------------------------------------------------------------------------------------------------------------------------------------------------------------------------------------------------------------------------------------------------------------------------------------------------------------------------------------------------------------------------------------------------------------------------------------------------------------------------------------------------------------------------------------------------------------------------------------------------------------------------------------------------------------------------------------------------------------------------------------------------------------------------------------------------------------------------------------------------------------------------------------------------------------------------------------------------------------------------------------------------------------------------------------------------------------------------------------------------------------------------------------------------------------------------------------------------------------------------------------------------------------------------------------------------------------------------------------------------------------------------------------------------------------------------------------------------------------------------------------------------------------------------------------------------------------------------------------------------------------------------------------------------------------------------------------------------------------------------------------------------------------------------------------------------------------------------------------------------------------------------------------------------------------------------------------------------------------------------------------------------------------------------------------------------------------------------------------------------------------------------------------------------------------------------------------------------------------------------------------------------------------------------------------------------------------------------------------------------------------------------------------------------------------------------------------------------------------------------------------------------------------------------------------------------------------------------------------------------------------------------------------------------------------------------------------------------------------------------------------------------------------------------------------------------------------------------------------------------------------------------------------------------------------------------------------------------------------------------------------------------------------------------------------------------------------------------------------------------------------------------------------------------------------------------------------------------------------------------------------------------------------------------------------------------------------------------------------------------------------------------------------------------------------------------------------------------------------------------------------------------------------------------------------------------------------------------------------------------------------------------------------------------------------------------------------------------------------------------------------------------------------------------------------------------------------------------------------------------------------------------------------------------------------------------------------------------------------------------------------------------------------------------------------------------------------------------------------------------------------------------------------------------------------------------------------------------------------------------------------------------------------------------------------------------------------------------------------------------------------------------------------------------------------------------------------------------------------------------------------------------------------------------------------------------------------------------------------------------------------------------------------------------------------------------------------------------------------------------------------------------------------------------------------------------------------------------------------------------------------------------------------------------------------------------------------------------------------------------------------------------------------------------------------------------------------------------------------------------------------------------------------------------------------------------------------------------------------------------------------------------------------------------------------------------------------------------------------------------------------------------------------------------------------------------------------------------------------------------------------------------------------------------------------------------------------------------------------------------------------------------------------------------------------------------------------------------------------------------------------------------------------------------------------------------------------------------------------------------------------------------------------------------------------------------------------------------------------------------------------------------------------------------------------------------------------------------------------------------------------------------------------------------------------------------------------------------------------------------------------------------------------------------------------------------------------------------------------------------------------------------------------------------------------------------------------------------------------------------------------------------------------------------------------------------------------------------------------------------------------------------------------------------------------------------------------------------------------------------------------------------------------------------------------------------------------------------------------------------------------------------------------------------------------------------------------------------------------------------------------------------------------------------------------------------------------------------------------------------------------------------------------------------------------------------------------------------------------------------------------------------------------------------------------------------------------------------------------------------------------------------------------------------------------------------------------------------------------------------------------------------------------------------------------------------------------------------------------------------------------------------------------------------------------------------------------------------------------------------------------------------------------------------------------------------------------------------------------------------------------------------------------------------------------------------------------------------------------------------------------------------------------------------------------------------------------------------------------------------------------------------------------------------------------------------------------------------------------------------------------------------------------------------------------------------------------------------------------------------------------------------------------------------------------------------------------------------------------------------------------------------------------------------------------------------------------------------------------------------------------------------------------------------------------------------------------------------------------------------------------------------------------------------------------------------------------------------------------------------------------------------------------------------------------------------------------------------------------------------------------------------------------------------------------------------------------------------------------------------------------------------------------------------------------------------------------------------------------------------------------------------------------------------------------------------------------------------------------------------------------------------------------------------------------------------------------------------------------------------------------------------------------------------------------------------------------------------------------------------------------------------------------------------------------------------------------------------------------------------------------------------------------------------------------------------------------------------------------------------------------------------------------------------------------------------------------------------------------------------------------------------------------------------------------------------------------------------------------------------------------------------------------------------------------------------------------------------------------------------------------------------------------------------------------------------------------------------------------------------------------------------------------------------------------------------------------------------------------------------------------------------------------------------------------------------------------------------------------------------------------------------------------------------------------------------------------------------------------------------------------------------------------------------------------------------------------------------------------------------------------------------------------------------------------------------------------------------------------------------------------------------------------------------------------------------------------------------------------------------------------------------------------------------------------------------------------------------------------------------------------------------------------------------------------------------------------------------------------------------------------------------------------------------------------------------------------------------------------------------------------------------------------------------------------------------------------------------------------------------------------------------------------------------------------------------------------------------------------------------------------------------------------------------------------------------------------------------------------------------------------------------------------------------------------------------------------------------------------------------------------------------------------------------------------------------------------------------------------------------------------------------------------------------------------------------------------------------------------------------------------------------------------------------------------------------------------------------------------------------------------------------------------------------------------------------------------------------------------------------------------------------------------------------------------------------------------------------------------------------------------------------------------------------------------------------------------------------------------------------------------------------------------------------------------------------------------------------------------------------------------------------------------------------------------------------------------------------------------------------------------------------------------------------------------------------------------------------------------------------------------------------------------------------------------------------------------------------------------------------------------------------------------------------------------------------------------------------------------------------------------------------------------------------------------------------------------------------------------------------------------------------------------------------------------------------------------------------------------------------------------------------------------------------------------------------------------------------------------------------------------------------------------------------------------------------------------------------------------------------------------------------------------------------------------------------------------------------------------------------------------------------------------------------------------------------------------------------------------------------------------------------------------------------------------------------------------------------------------------------------------------------------------------------+
1 row in set (0.00 sec)

mysql>